src/contexts/AuthContext.tsx(14,31): error TS6133: 'serverTimestamp' is declared but its value is never read.
src/contexts/AuthContext.tsx(16,28): error TS6196: 'UserRole' is declared but never used.
src/pages/CertificationsPage.tsx(1,8): error TS6133: 'React' is declared but its value is never read.
src/pages/CertificationsPage.tsx(4,5): error TS6133: 'Shield' is declared but its value is never read.
src/pages/IncidentsPage.tsx(1,8): error TS6133: 'React' is declared but its value is never read.
src/pages/IncidentsPage.tsx(7,5): error TS6133: 'Eye' is declared but its value is never read.
src/pages/InspectionsPage.tsx(1,8): error TS6133: 'React' is declared but its value is never read.
src/pages/InspectionsPage.tsx(3,5): error TS6133: 'Shield' is declared but its value is never read.
src/pages/InspectionsPage.tsx(6,5): error TS6133: 'Clock' is declared but its value is never read.
src/pages/InspectorModePage.tsx(1,8): error TS6133: 'React' is declared but its value is never read.
src/pages/InspectorModePage.tsx(13,50): error TS6133: 'demoIncidents' is declared but its value is never read.
src/pages/SeafoodPage.tsx(1,8): error TS6133: 'React' is declared but its value is never read.
